
> ceevee-software-test@1.0.0 test
> playwright test --grep E2E

Γùç injected env (4) from .env // tip: Γùê encrypted .env [www.dotenvx.com]
Γùç injected env (0) from .env // tip: Γîÿ custom filepath { path: '/custom/path/.env' }

Running 6 tests using 6 workers

Γùç injected env (0) from .env // tip: Γîÿ suppress logs { quiet: true }
Γùç injected env (0) from .env // tip: Γîü auth for agents [www.vestauth.com]
Γùç injected env (0) from .env // tip: Γîü auth for agents [www.vestauth.com]
Γùç injected env (0) from .env // tip: Γîÿ override existing { override: true }
Γùç injected env (0) from .env // tip: Γîÿ multiple files { path: ['.env.local', '.env'] }
Γùç injected env (0) from .env // tip: Γîÿ enable debugging { debug: true }
Γùç injected env (0) from .env // tip: Γîÿ enable debugging { debug: true }
Γùç injected env (0) from .env // tip: Γùê encrypted .env [www.dotenvx.com]
Γùç injected env (0) from .env // tip: Γîÿ override existing { override: true }
Γùç injected env (0) from .env // tip: Γîÿ suppress logs { quiet: true }
Γùç injected env (0) from .env // tip: Γùê encrypted .env [www.dotenvx.com]
Γùç injected env (0) from .env // tip: Γîÿ enable debugging { debug: true }
  Γ£ô  5 [chromium] ΓÇ║ tests\optimization-feature.spec.ts:137:9 ΓÇ║ Primary Feature: Optimize for a Job (JD URL Import) ΓÇ║ Live authenticated E2E checks (optional) ΓÇ║ [E2E] displays ATS score and keyword feedback after optimization (5.0s)
  Γ£ÿ  6 [chromium] ΓÇ║ tests\optimization-feature.spec.ts:94:9 ΓÇ║ Primary Feature: Optimize for a Job (JD URL Import) ΓÇ║ Live authenticated E2E checks (optional) ΓÇ║ [E2E] user can login and access dashboard (6.5s)
Γùç injected env (0) from .env // tip: Γîÿ enable debugging { debug: true }
Γùç injected env (0) from .env // tip: Γîÿ custom filepath { path: '/custom/path/.env' }
  Γ£ÿ  7 [chromium] ΓÇ║ tests\optimization-feature.spec.ts:94:9 ΓÇ║ Primary Feature: Optimize for a Job (JD URL Import) ΓÇ║ Live authenticated E2E checks (optional) ΓÇ║ [E2E] user can login and access dashboard (retry #1) (3.3s)
